// Jest Snapshot v1, https://goo.gl/fbAQLP

exports[`SuccessModal should match default closed success modal snapshot 1`] = `null`;

exports[`SuccessModal should match default closed success modal snapshot 2`] = `null`;

exports[`SuccessModal should match default closed success modal snapshot 3`] = `null`;

exports[`SuccessModal should match default closed success modal snapshot 4`] = `null`;

exports[`SuccessModal should match open success modal snapshot 1`] = `undefined`;
