// Jest Snapshot v1, https://goo.gl/fbAQLP

exports[`SuccessModal should match default closed success modal snapshot 1`] = `null`;

exports[`SuccessModal should match default closed success modal snapshot 2`] = `null`;

exports[`SuccessModal should match default closed success modal snapshot 3`] = `null`;

exports[`SuccessModal should match default closed success modal snapshot 4`] = `null`;

exports[`SuccessModal should match open success modal snapshot 1`] = `
[
  <div
    data-focus-guard={true}
    style={
      {
        "height": "0px",
        "left": "1px",
        "overflow": "hidden",
        "padding": 0,
        "position": "fixed",
        "top": "1px",
        "width": "1px",
      }
    }
    tabIndex={-1}
  />,
  <div
    className="pgn__modal-layer"
    data-focus-lock-disabled="disabled"
    onBlur={[Function]}
    onFocus={[Function]}
    onScrollCapture={[Function]}
    onTouchMoveCapture={[Function]}
    onWheelCapture={[Function]}
  >
    <div
      className="pgn__modal-content-container"
    >
      <div
        className="pgn__modal-backdrop"
        data-testid="modal-backdrop"
        onClick={[MockFunction]}
        onKeyDown={[MockFunction]}
      />
      <div
        className="mw-sm p-5 bg-white mx-auto my-3"
      >
        <h3>
          We're sorry to see you go!  Your account will be deleted shortly.
        </h3>
        <div
          className="p-3"
        >
          <p
            className="h6"
          >
            Account deletion, including removal from email lists, may take a few weeks to fully process through our system. If you want to opt-out of emails before then, please unsubscribe from the footer of any email.
          </p>
        </div>
        <p>
          <button
            className="pgn__modal-close-button float-right btn btn-link"
            disabled={false}
            onClick={[Function]}
            type="button"
          >
            Close
          </button>
        </p>
      </div>
    </div>
  </div>,
  <div
    data-focus-guard={true}
    style={
      {
        "height": "0px",
        "left": "1px",
        "overflow": "hidden",
        "padding": 0,
        "position": "fixed",
        "top": "1px",
        "width": "1px",
      }
    }
    tabIndex={-1}
  />,
]
`;
