// Jest Snapshot v1, https://goo.gl/fbAQLP

exports[`JumpNav should not render Optional Information link 1`] = `
<div
  className="py-5 justify-content-center align-items-start text-center container-fluid"
>
  <div
    className="row"
  >
    <div
      className="col"
    >
      <p
        className="text-muted"
      >
        An unexpected error occurred. Please click the button below to refresh the page.
      </p>
      <button
        className="btn btn-primary"
        disabled={false}
        onClick={[Function]}
        type="button"
      >
        Try again
      </button>
    </div>
  </div>
</div>
`;

exports[`JumpNav should render Optional Information link 1`] = `
<div
  className="py-5 justify-content-center align-items-start text-center container-fluid"
>
  <div
    className="row"
  >
    <div
      className="col"
    >
      <p
        className="text-muted"
      >
        An unexpected error occurred. Please click the button below to refresh the page.
      </p>
      <button
        className="btn btn-primary"
        disabled={false}
        onClick={[Function]}
        type="button"
      >
        Try again
      </button>
    </div>
  </div>
</div>
`;
